                                                                      PAGE   1
                                                                      08 Jul 94
                                                                      17:29:07
Offset  Dati    Riga sorgente   Compiler Microsoft (R) QuickBASIC versione 4.50

 0030   0006    'ษอออออออออออออออออออออออออออออออออออออออออออออออออออออออออออออ
                อออออออป
 0030   0006    'บ  Program  : DIOB.BAS                                        
                       บ
 0030   0006    'บ  Revision : 1.0                                             
                       บ
 0030   0006    'บ  Date     : 11/10/90                        Axiom Tech. Co.,
                 Ltd.  บ
 0030   0006    'วฤฤฤฤฤฤฤฤฤฤฤฤฤฤฤฤฤฤฤฤฤฤฤฤฤฤฤฤฤฤฤฤฤฤฤฤฤฤฤฤฤฤฤฤฤฤฤฤฤฤฤฤฤฤฤฤฤฤฤฤฤ
                ฤฤฤฤฤฤฤถ
 0030   0006    'บ  Purpose  : This demo program perform 8 bits Digit out and  
                       บ
 0030   0006    'บ             Digit in by function INIT%,DO.BYTE%,DI.BYTE%.   
                       บ
 0030   0006    'บ  Remark   : Please connect DO channels to DI'S respectively 
                       บ
 0030   0006    'ศอออออออออออออออออออออออออออออออออออออออออออออออออออออออออออออ
                อออออออผ
 0030   0006    
 0030   0006    'ึฤฤฤฤฤฤฤฤฤฤฤฤฤฤฤฤฤฤฤฤฤฤฤฤฤท
 0030   0006    'บ FUNCTION NO. DEFINITION บ
 0030   0006    'ำฤฤฤฤฤฤฤฤฤฤฤฤฤฤฤฤฤฤฤฤฤฤฤฤฤฝ
 0030   0006       CONST INIT%     = 0,SET.CH%   = 1,SET.GAIN% = 2,SFT.TRG% = 3
                ,NADC.ARY% = 4
 0030   0006       CONST INTR%     = 5,DIS.INTR% = 6,READ.ST%  = 7,TRAN.DAT%= 8
 0030   0006       CONST SET.TIMER%= 9,TRG.SLOPE%=10,DO.BYTE%  =11,DI.BYTE% =12
                ,NADCG.INT%=13
 0030   0006    'ึฤฤฤฤฤฤฤฤฤฤฤฤฤฤฤฤฤฤฤฤฤฤฤฤฤฤฤฤฤท
 0030   0006    'บ SUB FUNCTION NO. DEFINITION บ
 0030   0006    'ำฤฤฤฤฤฤฤฤฤฤฤฤฤฤฤฤฤฤฤฤฤฤฤฤฤฤฤฤฤฝ
 0030   0006       CONST RISE.EDGE%= 0,FALL.EDGE%= 1,EXT.TRG%  = 0,TIMER.TRG%= 
                1
 0030   0006       CONST ONE.CYC%  = 0,RE.CYC%   = 1
 0030   0006    'ึฤฤฤฤฤฤฤฤฤฤฤฤฤฤฤฤท
 0030   0006    'บ AX5210 IO PORT บ
 0030   0006    'ำฤฤฤฤฤฤฤฤฤฤฤฤฤฤฤฤฝ
 0030   0006       CONST IOPORT%  =&H300
 0030   0006    'ึฤฤฤฤฤฤฤฤฤฤฤฤฤฤฤฤฤฤฤฤท
 0030   0006    'บ FUNCTION PARAMETER บ
 0030   0006    'ำฤฤฤฤฤฤฤฤฤฤฤฤฤฤฤฤฤฤฤฤฝ
 0030   0006       DIM DIO%(7)
 0030   0006       COMMON SHARED DIO%()
 0030   0006       COMMON SHARED FLAG%,FUN%
 0030   0006    
 0030   0006    'ึฤฤฤฤฤฤฤฤฤฤฤฤฤฤฤฤฤฤฤฤท
 0030   0006    'บ INITIAL AX5210     บ
 0030   0006    'ำฤฤฤฤฤฤฤฤฤฤฤฤฤฤฤฤฤฤฤฤฝ
 0030   0006            FUN%=INIT%                   ' Initial function
 006D   0006            DIO%(0)=IOPORT%              ' Ioport set
 0078   0006            DIO%(1)=3                    ' IRQ NO.
 0083   0006            CALL AX5210(FUN%,DIO%(0),FLAG%)
 0099   0006            IF FLAG% <> 0 THEN _
 0099   0006               PRINT USING " DRIVER INITIALIZATION FAILED ,flag=###
                #";flag%
                                                                      PAGE   2
                                                                      08 Jul 94
                                                                      17:29:07
Offset  Dati    Riga sorgente   Compiler Microsoft (R) QuickBASIC versione 4.50

 00BF   0006    
 00BF   0006    'ึฤฤฤฤฤฤฤฤฤฤฤท
 00BF   0006    'บ Digit out บ
 00BF   0006    'ำฤฤฤฤฤฤฤฤฤฤฤฝ
 00BF   0006            PRINT "Please connect digit out channels to digit in on
                es repectively"
 00CD   0006            INPUT "Key in digit out pattern(&H00 - &HFF)?",PAT%
 00FB   0008            FUN%= DO.BYTE%               ' Digit out function
 0106   0008            DIO%(0)=PAT%                 ' Digit out pattern
 0111   0008            CALL AX5210(FUN%,DIO%(0),FLAG%)
 0127   0008            IF FLAG% <> 0 THEN _
 0127   0008               PRINT USING " Digit out error ,flag=##";FLAG%
 014D   0008            PRINT USING "Digit OUT = \  \ ";HEX$(DIO%(0))
 0172   0008    
 0172   0008    'ึฤฤฤฤฤฤฤฤฤฤท
 0172   0008    'บ DIGIT IN บ
 0172   0008    'ำฤฤฤฤฤฤฤฤฤฤฝ
 0172   0008            FUN%= DI.BYTE%               ' Digit in function
 017D   0008            CALL AX5210(FUN%,DIO%(0),FLAG%)
 0193   0008            IF FLAG% <> 0 THEN _
 0193   0008               PRINT USING " Digit in error ,flag=##";FLAG%
 01B9   0008            PRINT USING "Digit in  = \  \ ";HEX$(DIO%(0))
 01DE   0008    END
 01E8   0008    
 0263   0008    

43644 Byte disponibili
42167 Byte liberi

    0 Errori di avvertenza
    0 Errori gravi
